// Jest Snapshot v1, https://goo.gl/fbAQLP

exports[`render Header 1`] = `
<header>
  <h1>
    Expensify
  </h1>
  <NavLink
    className={[Function]}
    end={true}
    to="/"
  >
    Dashboard
  </NavLink>
  <NavLink
    className={[Function]}
    end={true}
    to="/add"
  >
    Add Expense
  </NavLink>
  <NavLink
    className={[Function]}
    end={true}
    to="/help"
  >
    Help
  </NavLink>
</header>
`;
